src/components/forms/channel-form.tsx(31,9): error TS2322: Type 'Resolver<{ id: string; name: string; category: string; logo: string; streams: { name: string; url: string; description?: string | undefined; }[]; }, any, { id: string; name: string; category: string; logo: string; streams: { ...; }[]; }>' is not assignable to type 'Resolver<{ id: string; name: string; category: string; logo: string; streams: { name: string; url: string; description: string; }[]; }, any, { id: string; name: string; category: string; logo: string; streams: { name: string; url: string; description: string; }[]; }>'.
  Types of parameters 'options' and 'options' are incompatible.
    Type 'ResolverOptions<{ id: string; name: string; category: string; logo: string; streams: { name: string; url: string; description: string; }[]; }>' is not assignable to type 'ResolverOptions<{ id: string; name: string; category: string; logo: string; streams: { name: string; url: string; description?: string | undefined; }[]; }>'.
      Type '{ name: string; url: string; description?: string | undefined; }[]' is not assignable to type '{ name: string; url: string; description: string; }[]'.
        Type '{ name: string; url: string; description?: string | undefined; }' is not assignable to type '{ name: string; url: string; description: string; }'.
          Types of property 'description' are incompatible.
            Type 'string | undefined' is not assignable to type 'string'.
              Type 'undefined' is not assignable to type 'string'.
src/components/forms/channel-form.tsx(54,47): error TS2345: Argument of type '(data: ChannelFormData) => Promise<void>' is not assignable to parameter of type 'SubmitHandler<TFieldValues>'.
  Types of parameters 'data' and 'data' are incompatible.
    Type 'TFieldValues' is not assignable to type '{ id: string; name: string; category: string; logo: string; streams: { name: string; url: string; description: string; }[]; }'.
      Type 'FieldValues' is missing the following properties from type '{ id: string; name: string; category: string; logo: string; streams: { name: string; url: string; description: string; }[]; }': id, name, category, logo, streams
src/components/forms/channel-form.tsx(59,33): error TS2322: Type 'Control<{ id: string; name: string; category: string; logo: string; streams: { name: string; url: string; description: string; }[]; }, any, TFieldValues>' is not assignable to type 'Control<{ id: string; name: string; category: string; logo: string; streams: { name: string; url: string; description: string; }[]; }, any, { id: string; name: string; category: string; logo: string; streams: { name: string; url: string; description: string; }[]; }>'.
  The types of '_options.resolver' are incompatible between these types.
    Type 'Resolver<{ id: string; name: string; category: string; logo: string; streams: { name: string; url: string; description: string; }[]; }, any, TFieldValues> | undefined' is not assignable to type 'Resolver<{ id: string; name: string; category: string; logo: string; streams: { name: string; url: string; description: string; }[]; }, any, { id: string; name: string; category: string; logo: string; streams: { ...; }[]; }> | undefined'.
      Type 'Resolver<{ id: string; name: string; category: string; logo: string; streams: { name: string; url: string; description: string; }[]; }, any, TFieldValues>' is not assignable to type 'Resolver<{ id: string; name: string; category: string; logo: string; streams: { name: string; url: string; description: string; }[]; }, any, { id: string; name: string; category: string; logo: string; streams: { name: string; url: string; description: string; }[]; }>'.
        Type 'ResolverResult<{ id: string; name: string; category: string; logo: string; streams: { name: string; url: string; description: string; }[]; }, TFieldValues> | Promise<...>' is not assignable to type 'ResolverResult<{ id: string; name: string; category: string; logo: string; streams: { name: string; url: string; description: string; }[]; }, { id: string; name: string; category: string; logo: string; streams: { name: string; url: string; description: string; }[]; }> | Promise<...>'.
          Type 'ResolverSuccess<TFieldValues>' is not assignable to type 'ResolverResult<{ id: string; name: string; category: string; logo: string; streams: { name: string; url: string; description: string; }[]; }, { id: string; name: string; category: string; logo: string; streams: { name: string; url: string; description: string; }[]; }> | Promise<...>'.
            Type 'ResolverSuccess<TFieldValues>' is not assignable to type 'ResolverSuccess<{ id: string; name: string; category: string; logo: string; streams: { name: string; url: string; description: string; }[]; }>'.
              Type 'TFieldValues' is not assignable to type '{ id: string; name: string; category: string; logo: string; streams: { name: string; url: string; description: string; }[]; }'.
                Type 'FieldValues' is missing the following properties from type '{ id: string; name: string; category: string; logo: string; streams: { name: string; url: string; description: string; }[]; }': id, name, category, logo, streams
src/components/forms/channel-form.tsx(77,33): error TS2322: Type 'Control<{ id: string; name: string; category: string; logo: string; streams: { name: string; url: string; description: string; }[]; }, any, TFieldValues>' is not assignable to type 'Control<{ id: string; name: string; category: string; logo: string; streams: { name: string; url: string; description: string; }[]; }, any, { id: string; name: string; category: string; logo: string; streams: { name: string; url: string; description: string; }[]; }>'.
  The types of '_options.resolver' are incompatible between these types.
    Type 'Resolver<{ id: string; name: string; category: string; logo: string; streams: { name: string; url: string; description: string; }[]; }, any, TFieldValues> | undefined' is not assignable to type 'Resolver<{ id: string; name: string; category: string; logo: string; streams: { name: string; url: string; description: string; }[]; }, any, { id: string; name: string; category: string; logo: string; streams: { ...; }[]; }> | undefined'.
      Type 'Resolver<{ id: string; name: string; category: string; logo: string; streams: { name: string; url: string; description: string; }[]; }, any, TFieldValues>' is not assignable to type 'Resolver<{ id: string; name: string; category: string; logo: string; streams: { name: string; url: string; description: string; }[]; }, any, { id: string; name: string; category: string; logo: string; streams: { name: string; url: string; description: string; }[]; }>'.
        Type 'ResolverResult<{ id: string; name: string; category: string; logo: string; streams: { name: string; url: string; description: string; }[]; }, TFieldValues> | Promise<...>' is not assignable to type 'ResolverResult<{ id: string; name: string; category: string; logo: string; streams: { name: string; url: string; description: string; }[]; }, { id: string; name: string; category: string; logo: string; streams: { name: string; url: string; description: string; }[]; }> | Promise<...>'.
          Type 'ResolverSuccess<TFieldValues>' is not assignable to type 'ResolverResult<{ id: string; name: string; category: string; logo: string; streams: { name: string; url: string; description: string; }[]; }, { id: string; name: string; category: string; logo: string; streams: { name: string; url: string; description: string; }[]; }> | Promise<...>'.
            Type 'ResolverSuccess<TFieldValues>' is not assignable to type 'ResolverSuccess<{ id: string; name: string; category: string; logo: string; streams: { name: string; url: string; description: string; }[]; }>'.
              Type 'TFieldValues' is not assignable to type '{ id: string; name: string; category: string; logo: string; streams: { name: string; url: string; description: string; }[]; }'.
                Type 'FieldValues' is missing the following properties from type '{ id: string; name: string; category: string; logo: string; streams: { name: string; url: string; description: string; }[]; }': id, name, category, logo, streams
src/components/forms/channel-form.tsx(93,33): error TS2322: Type 'Control<{ id: string; name: string; category: string; logo: string; streams: { name: string; url: string; description: string; }[]; }, any, TFieldValues>' is not assignable to type 'Control<{ id: string; name: string; category: string; logo: string; streams: { name: string; url: string; description: string; }[]; }, any, { id: string; name: string; category: string; logo: string; streams: { name: string; url: string; description: string; }[]; }>'.
  The types of '_options.resolver' are incompatible between these types.
    Type 'Resolver<{ id: string; name: string; category: string; logo: string; streams: { name: string; url: string; description: string; }[]; }, any, TFieldValues> | undefined' is not assignable to type 'Resolver<{ id: string; name: string; category: string; logo: string; streams: { name: string; url: string; description: string; }[]; }, any, { id: string; name: string; category: string; logo: string; streams: { ...; }[]; }> | undefined'.
      Type 'Resolver<{ id: string; name: string; category: string; logo: string; streams: { name: string; url: string; description: string; }[]; }, any, TFieldValues>' is not assignable to type 'Resolver<{ id: string; name: string; category: string; logo: string; streams: { name: string; url: string; description: string; }[]; }, any, { id: string; name: string; category: string; logo: string; streams: { name: string; url: string; description: string; }[]; }>'.
        Type 'ResolverResult<{ id: string; name: string; category: string; logo: string; streams: { name: string; url: string; description: string; }[]; }, TFieldValues> | Promise<...>' is not assignable to type 'ResolverResult<{ id: string; name: string; category: string; logo: string; streams: { name: string; url: string; description: string; }[]; }, { id: string; name: string; category: string; logo: string; streams: { name: string; url: string; description: string; }[]; }> | Promise<...>'.
          Type 'ResolverSuccess<TFieldValues>' is not assignable to type 'ResolverResult<{ id: string; name: string; category: string; logo: string; streams: { name: string; url: string; description: string; }[]; }, { id: string; name: string; category: string; logo: string; streams: { name: string; url: string; description: string; }[]; }> | Promise<...>'.
            Type 'ResolverSuccess<TFieldValues>' is not assignable to type 'ResolverSuccess<{ id: string; name: string; category: string; logo: string; streams: { name: string; url: string; description: string; }[]; }>'.
              Type 'TFieldValues' is not assignable to type '{ id: string; name: string; category: string; logo: string; streams: { name: string; url: string; description: string; }[]; }'.
                Type 'FieldValues' is missing the following properties from type '{ id: string; name: string; category: string; logo: string; streams: { name: string; url: string; description: string; }[]; }': id, name, category, logo, streams
src/components/forms/channel-form.tsx(106,33): error TS2322: Type 'Control<{ id: string; name: string; category: string; logo: string; streams: { name: string; url: string; description: string; }[]; }, any, TFieldValues>' is not assignable to type 'Control<{ id: string; name: string; category: string; logo: string; streams: { name: string; url: string; description: string; }[]; }, any, { id: string; name: string; category: string; logo: string; streams: { name: string; url: string; description: string; }[]; }>'.
  The types of '_options.resolver' are incompatible between these types.
    Type 'Resolver<{ id: string; name: string; category: string; logo: string; streams: { name: string; url: string; description: string; }[]; }, any, TFieldValues> | undefined' is not assignable to type 'Resolver<{ id: string; name: string; category: string; logo: string; streams: { name: string; url: string; description: string; }[]; }, any, { id: string; name: string; category: string; logo: string; streams: { ...; }[]; }> | undefined'.
      Type 'Resolver<{ id: string; name: string; category: string; logo: string; streams: { name: string; url: string; description: string; }[]; }, any, TFieldValues>' is not assignable to type 'Resolver<{ id: string; name: string; category: string; logo: string; streams: { name: string; url: string; description: string; }[]; }, any, { id: string; name: string; category: string; logo: string; streams: { name: string; url: string; description: string; }[]; }>'.
        Type 'ResolverResult<{ id: string; name: string; category: string; logo: string; streams: { name: string; url: string; description: string; }[]; }, TFieldValues> | Promise<...>' is not assignable to type 'ResolverResult<{ id: string; name: string; category: string; logo: string; streams: { name: string; url: string; description: string; }[]; }, { id: string; name: string; category: string; logo: string; streams: { name: string; url: string; description: string; }[]; }> | Promise<...>'.
          Type 'ResolverSuccess<TFieldValues>' is not assignable to type 'ResolverResult<{ id: string; name: string; category: string; logo: string; streams: { name: string; url: string; description: string; }[]; }, { id: string; name: string; category: string; logo: string; streams: { name: string; url: string; description: string; }[]; }> | Promise<...>'.
            Type 'ResolverSuccess<TFieldValues>' is not assignable to type 'ResolverSuccess<{ id: string; name: string; category: string; logo: string; streams: { name: string; url: string; description: string; }[]; }>'.
              Type 'TFieldValues' is not assignable to type '{ id: string; name: string; category: string; logo: string; streams: { name: string; url: string; description: string; }[]; }'.
                Type 'FieldValues' is missing the following properties from type '{ id: string; name: string; category: string; logo: string; streams: { name: string; url: string; description: string; }[]; }': id, name, category, logo, streams
src/components/forms/channel-form.tsx(153,57): error TS2322: Type 'Control<{ id: string; name: string; category: string; logo: string; streams: { name: string; url: string; description: string; }[]; }, any, TFieldValues>' is not assignable to type 'Control<{ id: string; name: string; category: string; logo: string; streams: { name: string; url: string; description: string; }[]; }, any, { id: string; name: string; category: string; logo: string; streams: { name: string; url: string; description: string; }[]; }>'.
  The types of '_options.resolver' are incompatible between these types.
    Type 'Resolver<{ id: string; name: string; category: string; logo: string; streams: { name: string; url: string; description: string; }[]; }, any, TFieldValues> | undefined' is not assignable to type 'Resolver<{ id: string; name: string; category: string; logo: string; streams: { name: string; url: string; description: string; }[]; }, any, { id: string; name: string; category: string; logo: string; streams: { ...; }[]; }> | undefined'.
      Type 'Resolver<{ id: string; name: string; category: string; logo: string; streams: { name: string; url: string; description: string; }[]; }, any, TFieldValues>' is not assignable to type 'Resolver<{ id: string; name: string; category: string; logo: string; streams: { name: string; url: string; description: string; }[]; }, any, { id: string; name: string; category: string; logo: string; streams: { name: string; url: string; description: string; }[]; }>'.
        Type 'ResolverResult<{ id: string; name: string; category: string; logo: string; streams: { name: string; url: string; description: string; }[]; }, TFieldValues> | Promise<...>' is not assignable to type 'ResolverResult<{ id: string; name: string; category: string; logo: string; streams: { name: string; url: string; description: string; }[]; }, { id: string; name: string; category: string; logo: string; streams: { name: string; url: string; description: string; }[]; }> | Promise<...>'.
          Type 'ResolverSuccess<TFieldValues>' is not assignable to type 'ResolverResult<{ id: string; name: string; category: string; logo: string; streams: { name: string; url: string; description: string; }[]; }, { id: string; name: string; category: string; logo: string; streams: { name: string; url: string; description: string; }[]; }> | Promise<...>'.
            Type 'ResolverSuccess<TFieldValues>' is not assignable to type 'ResolverSuccess<{ id: string; name: string; category: string; logo: string; streams: { name: string; url: string; description: string; }[]; }>'.
              Type 'TFieldValues' is not assignable to type '{ id: string; name: string; category: string; logo: string; streams: { name: string; url: string; description: string; }[]; }'.
                Type 'FieldValues' is missing the following properties from type '{ id: string; name: string; category: string; logo: string; streams: { name: string; url: string; description: string; }[]; }': id, name, category, logo, streams
src/components/forms/channel-form.tsx(166,57): error TS2322: Type 'Control<{ id: string; name: string; category: string; logo: string; streams: { name: string; url: string; description: string; }[]; }, any, TFieldValues>' is not assignable to type 'Control<{ id: string; name: string; category: string; logo: string; streams: { name: string; url: string; description: string; }[]; }, any, { id: string; name: string; category: string; logo: string; streams: { name: string; url: string; description: string; }[]; }>'.
  The types of '_options.resolver' are incompatible between these types.
    Type 'Resolver<{ id: string; name: string; category: string; logo: string; streams: { name: string; url: string; description: string; }[]; }, any, TFieldValues> | undefined' is not assignable to type 'Resolver<{ id: string; name: string; category: string; logo: string; streams: { name: string; url: string; description: string; }[]; }, any, { id: string; name: string; category: string; logo: string; streams: { ...; }[]; }> | undefined'.
      Type 'Resolver<{ id: string; name: string; category: string; logo: string; streams: { name: string; url: string; description: string; }[]; }, any, TFieldValues>' is not assignable to type 'Resolver<{ id: string; name: string; category: string; logo: string; streams: { name: string; url: string; description: string; }[]; }, any, { id: string; name: string; category: string; logo: string; streams: { name: string; url: string; description: string; }[]; }>'.
        Type 'ResolverResult<{ id: string; name: string; category: string; logo: string; streams: { name: string; url: string; description: string; }[]; }, TFieldValues> | Promise<...>' is not assignable to type 'ResolverResult<{ id: string; name: string; category: string; logo: string; streams: { name: string; url: string; description: string; }[]; }, { id: string; name: string; category: string; logo: string; streams: { name: string; url: string; description: string; }[]; }> | Promise<...>'.
          Type 'ResolverSuccess<TFieldValues>' is not assignable to type 'ResolverResult<{ id: string; name: string; category: string; logo: string; streams: { name: string; url: string; description: string; }[]; }, { id: string; name: string; category: string; logo: string; streams: { name: string; url: string; description: string; }[]; }> | Promise<...>'.
            Type 'ResolverSuccess<TFieldValues>' is not assignable to type 'ResolverSuccess<{ id: string; name: string; category: string; logo: string; streams: { name: string; url: string; description: string; }[]; }>'.
              Type 'TFieldValues' is not assignable to type '{ id: string; name: string; category: string; logo: string; streams: { name: string; url: string; description: string; }[]; }'.
                Type 'FieldValues' is missing the following properties from type '{ id: string; name: string; category: string; logo: string; streams: { name: string; url: string; description: string; }[]; }': id, name, category, logo, streams
src/components/forms/channel-form.tsx(191,49): error TS2322: Type 'Control<{ id: string; name: string; category: string; logo: string; streams: { name: string; url: string; description: string; }[]; }, any, TFieldValues>' is not assignable to type 'Control<{ id: string; name: string; category: string; logo: string; streams: { name: string; url: string; description: string; }[]; }, any, { id: string; name: string; category: string; logo: string; streams: { name: string; url: string; description: string; }[]; }>'.
  The types of '_options.resolver' are incompatible between these types.
    Type 'Resolver<{ id: string; name: string; category: string; logo: string; streams: { name: string; url: string; description: string; }[]; }, any, TFieldValues> | undefined' is not assignable to type 'Resolver<{ id: string; name: string; category: string; logo: string; streams: { name: string; url: string; description: string; }[]; }, any, { id: string; name: string; category: string; logo: string; streams: { ...; }[]; }> | undefined'.
      Type 'Resolver<{ id: string; name: string; category: string; logo: string; streams: { name: string; url: string; description: string; }[]; }, any, TFieldValues>' is not assignable to type 'Resolver<{ id: string; name: string; category: string; logo: string; streams: { name: string; url: string; description: string; }[]; }, any, { id: string; name: string; category: string; logo: string; streams: { name: string; url: string; description: string; }[]; }>'.
        Type 'ResolverResult<{ id: string; name: string; category: string; logo: string; streams: { name: string; url: string; description: string; }[]; }, TFieldValues> | Promise<...>' is not assignable to type 'ResolverResult<{ id: string; name: string; category: string; logo: string; streams: { name: string; url: string; description: string; }[]; }, { id: string; name: string; category: string; logo: string; streams: { name: string; url: string; description: string; }[]; }> | Promise<...>'.
          Type 'ResolverSuccess<TFieldValues>' is not assignable to type 'ResolverResult<{ id: string; name: string; category: string; logo: string; streams: { name: string; url: string; description: string; }[]; }, { id: string; name: string; category: string; logo: string; streams: { name: string; url: string; description: string; }[]; }> | Promise<...>'.
            Type 'ResolverSuccess<TFieldValues>' is not assignable to type 'ResolverSuccess<{ id: string; name: string; category: string; logo: string; streams: { name: string; url: string; description: string; }[]; }>'.
              Type 'TFieldValues' is not assignable to type '{ id: string; name: string; category: string; logo: string; streams: { name: string; url: string; description: string; }[]; }'.
                Type 'FieldValues' is missing the following properties from type '{ id: string; name: string; category: string; logo: string; streams: { name: string; url: string; description: string; }[]; }': id, name, category, logo, streams
src/components/forms/dracin-form.tsx(36,9): error TS2322: Type 'Resolver<{ id: string; name: string; image: string; status: "aktif" | "nonaktif"; description?: string | undefined; }, any, { id: string; name: string; image: string; description: string; status: "aktif" | "nonaktif"; }>' is not assignable to type 'Resolver<{ id: string; name: string; image: string; description: string; status: "aktif" | "nonaktif"; }, any, { id: string; name: string; image: string; description: string; status: "aktif" | "nonaktif"; }>'.
  Types of parameters 'options' and 'options' are incompatible.
    Type 'ResolverOptions<{ id: string; name: string; image: string; description: string; status: "aktif" | "nonaktif"; }>' is not assignable to type 'ResolverOptions<{ id: string; name: string; image: string; status: "aktif" | "nonaktif"; description?: string | undefined; }>'.
      Type 'string | undefined' is not assignable to type 'string'.
        Type 'undefined' is not assignable to type 'string'.
src/components/forms/dracin-form.tsx(54,47): error TS2345: Argument of type '(data: DracinFormData) => Promise<void>' is not assignable to parameter of type 'SubmitHandler<TFieldValues>'.
  Types of parameters 'data' and 'data' are incompatible.
    Type 'TFieldValues' is not assignable to type '{ id: string; name: string; image: string; description: string; status: "aktif" | "nonaktif"; }'.
      Type 'FieldValues' is missing the following properties from type '{ id: string; name: string; image: string; description: string; status: "aktif" | "nonaktif"; }': id, name, image, description, status
src/components/forms/dracin-form.tsx(58,29): error TS2322: Type 'Control<{ id: string; name: string; image: string; description: string; status: "aktif" | "nonaktif"; }, any, TFieldValues>' is not assignable to type 'Control<{ id: string; name: string; image: string; description: string; status: "aktif" | "nonaktif"; }, any, { id: string; name: string; image: string; description: string; status: "aktif" | "nonaktif"; }>'.
  The types of '_options.resolver' are incompatible between these types.
    Type 'Resolver<{ id: string; name: string; image: string; description: string; status: "aktif" | "nonaktif"; }, any, TFieldValues> | undefined' is not assignable to type 'Resolver<{ id: string; name: string; image: string; description: string; status: "aktif" | "nonaktif"; }, any, { id: string; name: string; image: string; description: string; status: "aktif" | "nonaktif"; }> | undefined'.
      Type 'Resolver<{ id: string; name: string; image: string; description: string; status: "aktif" | "nonaktif"; }, any, TFieldValues>' is not assignable to type 'Resolver<{ id: string; name: string; image: string; description: string; status: "aktif" | "nonaktif"; }, any, { id: string; name: string; image: string; description: string; status: "aktif" | "nonaktif"; }>'.
        Type 'ResolverResult<{ id: string; name: string; image: string; description: string; status: "aktif" | "nonaktif"; }, TFieldValues> | Promise<ResolverResult<{ id: string; name: string; image: string; description: string; status: "aktif" | "nonaktif"; }, TFieldValues>>' is not assignable to type 'ResolverResult<{ id: string; name: string; image: string; description: string; status: "aktif" | "nonaktif"; }, { id: string; name: string; image: string; description: string; status: "aktif" | "nonaktif"; }> | Promise<...>'.
          Type 'ResolverSuccess<TFieldValues>' is not assignable to type 'ResolverResult<{ id: string; name: string; image: string; description: string; status: "aktif" | "nonaktif"; }, { id: string; name: string; image: string; description: string; status: "aktif" | "nonaktif"; }> | Promise<...>'.
            Type 'ResolverSuccess<TFieldValues>' is not assignable to type 'ResolverSuccess<{ id: string; name: string; image: string; description: string; status: "aktif" | "nonaktif"; }>'.
              Type 'TFieldValues' is not assignable to type '{ id: string; name: string; image: string; description: string; status: "aktif" | "nonaktif"; }'.
                Type 'FieldValues' is missing the following properties from type '{ id: string; name: string; image: string; description: string; status: "aktif" | "nonaktif"; }': id, name, image, description, status
src/components/forms/dracin-form.tsx(76,29): error TS2322: Type 'Control<{ id: string; name: string; image: string; description: string; status: "aktif" | "nonaktif"; }, any, TFieldValues>' is not assignable to type 'Control<{ id: string; name: string; image: string; description: string; status: "aktif" | "nonaktif"; }, any, { id: string; name: string; image: string; description: string; status: "aktif" | "nonaktif"; }>'.
  The types of '_options.resolver' are incompatible between these types.
    Type 'Resolver<{ id: string; name: string; image: string; description: string; status: "aktif" | "nonaktif"; }, any, TFieldValues> | undefined' is not assignable to type 'Resolver<{ id: string; name: string; image: string; description: string; status: "aktif" | "nonaktif"; }, any, { id: string; name: string; image: string; description: string; status: "aktif" | "nonaktif"; }> | undefined'.
      Type 'Resolver<{ id: string; name: string; image: string; description: string; status: "aktif" | "nonaktif"; }, any, TFieldValues>' is not assignable to type 'Resolver<{ id: string; name: string; image: string; description: string; status: "aktif" | "nonaktif"; }, any, { id: string; name: string; image: string; description: string; status: "aktif" | "nonaktif"; }>'.
        Type 'ResolverResult<{ id: string; name: string; image: string; description: string; status: "aktif" | "nonaktif"; }, TFieldValues> | Promise<ResolverResult<{ id: string; name: string; image: string; description: string; status: "aktif" | "nonaktif"; }, TFieldValues>>' is not assignable to type 'ResolverResult<{ id: string; name: string; image: string; description: string; status: "aktif" | "nonaktif"; }, { id: string; name: string; image: string; description: string; status: "aktif" | "nonaktif"; }> | Promise<...>'.
          Type 'ResolverSuccess<TFieldValues>' is not assignable to type 'ResolverResult<{ id: string; name: string; image: string; description: string; status: "aktif" | "nonaktif"; }, { id: string; name: string; image: string; description: string; status: "aktif" | "nonaktif"; }> | Promise<...>'.
            Type 'ResolverSuccess<TFieldValues>' is not assignable to type 'ResolverSuccess<{ id: string; name: string; image: string; description: string; status: "aktif" | "nonaktif"; }>'.
              Type 'TFieldValues' is not assignable to type '{ id: string; name: string; image: string; description: string; status: "aktif" | "nonaktif"; }'.
                Type 'FieldValues' is missing the following properties from type '{ id: string; name: string; image: string; description: string; status: "aktif" | "nonaktif"; }': id, name, image, description, status
src/components/forms/dracin-form.tsx(91,25): error TS2322: Type 'Control<{ id: string; name: string; image: string; description: string; status: "aktif" | "nonaktif"; }, any, TFieldValues>' is not assignable to type 'Control<{ id: string; name: string; image: string; description: string; status: "aktif" | "nonaktif"; }, any, { id: string; name: string; image: string; description: string; status: "aktif" | "nonaktif"; }>'.
  The types of '_options.resolver' are incompatible between these types.
    Type 'Resolver<{ id: string; name: string; image: string; description: string; status: "aktif" | "nonaktif"; }, any, TFieldValues> | undefined' is not assignable to type 'Resolver<{ id: string; name: string; image: string; description: string; status: "aktif" | "nonaktif"; }, any, { id: string; name: string; image: string; description: string; status: "aktif" | "nonaktif"; }> | undefined'.
      Type 'Resolver<{ id: string; name: string; image: string; description: string; status: "aktif" | "nonaktif"; }, any, TFieldValues>' is not assignable to type 'Resolver<{ id: string; name: string; image: string; description: string; status: "aktif" | "nonaktif"; }, any, { id: string; name: string; image: string; description: string; status: "aktif" | "nonaktif"; }>'.
        Type 'ResolverResult<{ id: string; name: string; image: string; description: string; status: "aktif" | "nonaktif"; }, TFieldValues> | Promise<ResolverResult<{ id: string; name: string; image: string; description: string; status: "aktif" | "nonaktif"; }, TFieldValues>>' is not assignable to type 'ResolverResult<{ id: string; name: string; image: string; description: string; status: "aktif" | "nonaktif"; }, { id: string; name: string; image: string; description: string; status: "aktif" | "nonaktif"; }> | Promise<...>'.
          Type 'ResolverSuccess<TFieldValues>' is not assignable to type 'ResolverResult<{ id: string; name: string; image: string; description: string; status: "aktif" | "nonaktif"; }, { id: string; name: string; image: string; description: string; status: "aktif" | "nonaktif"; }> | Promise<...>'.
            Type 'ResolverSuccess<TFieldValues>' is not assignable to type 'ResolverSuccess<{ id: string; name: string; image: string; description: string; status: "aktif" | "nonaktif"; }>'.
              Type 'TFieldValues' is not assignable to type '{ id: string; name: string; image: string; description: string; status: "aktif" | "nonaktif"; }'.
                Type 'FieldValues' is missing the following properties from type '{ id: string; name: string; image: string; description: string; status: "aktif" | "nonaktif"; }': id, name, image, description, status
src/components/forms/dracin-form.tsx(105,25): error TS2322: Type 'Control<{ id: string; name: string; image: string; description: string; status: "aktif" | "nonaktif"; }, any, TFieldValues>' is not assignable to type 'Control<{ id: string; name: string; image: string; description: string; status: "aktif" | "nonaktif"; }, any, { id: string; name: string; image: string; description: string; status: "aktif" | "nonaktif"; }>'.
  The types of '_options.resolver' are incompatible between these types.
    Type 'Resolver<{ id: string; name: string; image: string; description: string; status: "aktif" | "nonaktif"; }, any, TFieldValues> | undefined' is not assignable to type 'Resolver<{ id: string; name: string; image: string; description: string; status: "aktif" | "nonaktif"; }, any, { id: string; name: string; image: string; description: string; status: "aktif" | "nonaktif"; }> | undefined'.
      Type 'Resolver<{ id: string; name: string; image: string; description: string; status: "aktif" | "nonaktif"; }, any, TFieldValues>' is not assignable to type 'Resolver<{ id: string; name: string; image: string; description: string; status: "aktif" | "nonaktif"; }, any, { id: string; name: string; image: string; description: string; status: "aktif" | "nonaktif"; }>'.
        Type 'ResolverResult<{ id: string; name: string; image: string; description: string; status: "aktif" | "nonaktif"; }, TFieldValues> | Promise<ResolverResult<{ id: string; name: string; image: string; description: string; status: "aktif" | "nonaktif"; }, TFieldValues>>' is not assignable to type 'ResolverResult<{ id: string; name: string; image: string; description: string; status: "aktif" | "nonaktif"; }, { id: string; name: string; image: string; description: string; status: "aktif" | "nonaktif"; }> | Promise<...>'.
          Type 'ResolverSuccess<TFieldValues>' is not assignable to type 'ResolverResult<{ id: string; name: string; image: string; description: string; status: "aktif" | "nonaktif"; }, { id: string; name: string; image: string; description: string; status: "aktif" | "nonaktif"; }> | Promise<...>'.
            Type 'ResolverSuccess<TFieldValues>' is not assignable to type 'ResolverSuccess<{ id: string; name: string; image: string; description: string; status: "aktif" | "nonaktif"; }>'.
              Type 'TFieldValues' is not assignable to type '{ id: string; name: string; image: string; description: string; status: "aktif" | "nonaktif"; }'.
                Type 'FieldValues' is missing the following properties from type '{ id: string; name: string; image: string; description: string; status: "aktif" | "nonaktif"; }': id, name, image, description, status
src/components/forms/dracin-form.tsx(123,25): error TS2322: Type 'Control<{ id: string; name: string; image: string; description: string; status: "aktif" | "nonaktif"; }, any, TFieldValues>' is not assignable to type 'Control<{ id: string; name: string; image: string; description: string; status: "aktif" | "nonaktif"; }, any, { id: string; name: string; image: string; description: string; status: "aktif" | "nonaktif"; }>'.
  The types of '_options.resolver' are incompatible between these types.
    Type 'Resolver<{ id: string; name: string; image: string; description: string; status: "aktif" | "nonaktif"; }, any, TFieldValues> | undefined' is not assignable to type 'Resolver<{ id: string; name: string; image: string; description: string; status: "aktif" | "nonaktif"; }, any, { id: string; name: string; image: string; description: string; status: "aktif" | "nonaktif"; }> | undefined'.
      Type 'Resolver<{ id: string; name: string; image: string; description: string; status: "aktif" | "nonaktif"; }, any, TFieldValues>' is not assignable to type 'Resolver<{ id: string; name: string; image: string; description: string; status: "aktif" | "nonaktif"; }, any, { id: string; name: string; image: string; description: string; status: "aktif" | "nonaktif"; }>'.
        Type 'ResolverResult<{ id: string; name: string; image: string; description: string; status: "aktif" | "nonaktif"; }, TFieldValues> | Promise<ResolverResult<{ id: string; name: string; image: string; description: string; status: "aktif" | "nonaktif"; }, TFieldValues>>' is not assignable to type 'ResolverResult<{ id: string; name: string; image: string; description: string; status: "aktif" | "nonaktif"; }, { id: string; name: string; image: string; description: string; status: "aktif" | "nonaktif"; }> | Promise<...>'.
          Type 'ResolverSuccess<TFieldValues>' is not assignable to type 'ResolverResult<{ id: string; name: string; image: string; description: string; status: "aktif" | "nonaktif"; }, { id: string; name: string; image: string; description: string; status: "aktif" | "nonaktif"; }> | Promise<...>'.
            Type 'ResolverSuccess<TFieldValues>' is not assignable to type 'ResolverSuccess<{ id: string; name: string; image: string; description: string; status: "aktif" | "nonaktif"; }>'.
              Type 'TFieldValues' is not assignable to type '{ id: string; name: string; image: string; description: string; status: "aktif" | "nonaktif"; }'.
                Type 'FieldValues' is missing the following properties from type '{ id: string; name: string; image: string; description: string; status: "aktif" | "nonaktif"; }': id, name, image, description, status
src/lib/validations.ts(35,15): error TS2769: No overload matches this call.
  Overload 1 of 2, '(values: readonly ["aktif", "nonaktif"], params?: string | { error?: string | $ZodErrorMap<$ZodIssueInvalidValue<unknown>> | undefined; message?: string | undefined; } | undefined): ZodEnum<...>', gave the following error.
    Object literal may only specify known properties, and 'required_error' does not exist in type '{ error?: string | $ZodErrorMap<$ZodIssueInvalidValue<unknown>> | undefined; message?: string | undefined; }'.
  Overload 2 of 2, '(entries: Readonly<Record<string, EnumValue>>, params?: string | { error?: string | $ZodErrorMap<$ZodIssueInvalidValue<unknown>> | undefined; message?: string | undefined; } | undefined): ZodEnum<...>', gave the following error.
    Argument of type 'string[]' is not assignable to parameter of type 'Readonly<Record<string, EnumValue>>'.
      Index signature for type 'string' is missing in type 'string[]'.
